CRITICAL - 2026-09-28 18:15:26 --> ParseError: syntax error, unexpected token "<<", expecting end of file
[Method: CLI, Route: serve]
in APPPATH\Config\Routes.php on line 7.
 1 SYSTEMPATH\CLI\Console.php(41): CodeIgniter\Router\RouteCollection->loadRoutes()
 2 SYSTEMPATH\Boot.php(444): CodeIgniter\CLI\Console->run()
 3 SYSTEMPATH\Boot.php(166): CodeIgniter\Boot::runCommand(Object(CodeIgniter\CLI\Console))
 4 ROOTPATH\spark(87): CodeIgniter\Boot::bootSpark(Object(Config\Paths))
CRITICAL - 2026-09-28 18:47:32 --> CodeIgniter\View\Exceptions\ViewException: Invalid file: "xadrez.php"
[Method: GET, Route: xadrez]
in SYSTEMPATH\Exceptions\FrameworkException.php on line 39.
 1 SYSTEMPATH\View\View.php(228): CodeIgniter\Exceptions\FrameworkException::forInvalidFile('xadrez.php')
 2 SYSTEMPATH\Common.php(1268): CodeIgniter\View\View->render('xadrez', [], true)
 3 APPPATH\Controllers\Xadrez.php(9): view('xadrez')
 4 SYSTEMPATH\CodeIgniter.php(974): App\Controllers\Xadrez->index()
 5 SYSTEMPATH\CodeIgniter.php(520): CodeIgniter\CodeIgniter->runController(Object(App\Controllers\Xadrez))
 6 SYSTEMPATH\CodeIgniter.php(363): CodeIgniter\CodeIgniter->handleRequest(null, Object(Config\Cache), false)
 7 SYSTEMPATH\Boot.php(417): CodeIgniter\CodeIgniter->run()
 8 SYSTEMPATH\Boot.php(68): CodeIgniter\Boot::runCodeIgniter(Object(CodeIgniter\CodeIgniter))
 9 FCPATH\index.php(59): CodeIgniter\Boot::bootWeb(Object(Config\Paths))
10 SYSTEMPATH\rewrite.php(44): require_once('C:\\xampp\\htdocs\\Chess-2\\public\\index.php')
CRITICAL - 2026-09-28 18:48:11 --> CodeIgniter\View\Exceptions\ViewException: Invalid file: "xadrez.php"
[Method: GET, Route: xadrez]
in SYSTEMPATH\Exceptions\FrameworkException.php on line 39.
 1 SYSTEMPATH\View\View.php(228): CodeIgniter\Exceptions\FrameworkException::forInvalidFile('xadrez.php')
 2 SYSTEMPATH\Common.php(1268): CodeIgniter\View\View->render('xadrez', [], true)
 3 APPPATH\Controllers\Xadrez.php(9): view('xadrez')
 4 SYSTEMPATH\CodeIgniter.php(974): App\Controllers\Xadrez->index()
 5 SYSTEMPATH\CodeIgniter.php(520): CodeIgniter\CodeIgniter->runController(Object(App\Controllers\Xadrez))
 6 SYSTEMPATH\CodeIgniter.php(363): CodeIgniter\CodeIgniter->handleRequest(null, Object(Config\Cache), false)
 7 SYSTEMPATH\Boot.php(417): CodeIgniter\CodeIgniter->run()
 8 SYSTEMPATH\Boot.php(68): CodeIgniter\Boot::runCodeIgniter(Object(CodeIgniter\CodeIgniter))
 9 FCPATH\index.php(59): CodeIgniter\Boot::bootWeb(Object(Config\Paths))
10 SYSTEMPATH\rewrite.php(44): require_once('C:\\xampp\\htdocs\\Chess-2\\public\\index.php')
